 *** Starting Verify DRC (MEM: 1788.7) ***

  VERIFY DRC ...... Starting Verification
  VERIFY DRC ...... Initializing
  VERIFY DRC ...... Deleting Existing Violations
  VERIFY DRC ...... Creating Sub-Areas
  VERIFY DRC ...... Using new threading
 VERIFY DRC ...... Sub-Area: {0.000 140.400 71.280 209.720} 7 of 9  Thread : 0
 VERIFY DRC ...... Sub-Area: {0.000 0.000 71.280 70.200} 1 of 9  Thread : 3
 VERIFY DRC ...... Sub-Area: {142.560 0.000 211.660 70.200} 3 of 9  Thread : 7
 VERIFY DRC ...... Sub-Area: {142.560 140.400 211.660 209.720} 9 of 9  Thread : 4
 VERIFY DRC ...... Sub-Area: {71.280 0.000 142.560 70.200} 2 of 9  Thread : 7
 VERIFY DRC ...... Sub-Area: {71.280 140.400 142.560 209.720} 8 of 9  Thread : 4
 VERIFY DRC ...... Sub-Area: {0.000 70.200 71.280 140.400} 4 of 9  Thread : 4
 VERIFY DRC ...... Sub-Area: {142.560 70.200 211.660 140.400} 6 of 9  Thread : 7
 VERIFY DRC ...... Thread : 4 finished.
 VERIFY DRC ...... Sub-Area: {71.280 70.200 142.560 140.400} 5 of 9  Thread : 7
 VERIFY DRC ...... Thread : 7 finished.

  Verification Complete : 0 Viols.

 *** End Verify DRC (CPU: 0:00:04.2  ELAPSED TIME: 2.00  MEM: 98.0M) ***

